--------------------------------------------------------------------------------
Release 14.1 Trace  (nt64)
Copyright (c) 1995-2012 Xilinx, Inc.  All rights reserved.

C:\Xilinx\14.1\ISE_DS\ISE\bin\nt64\unwrapped\trce.exe -intstyle ise -v 3 -s 3
-n 3 -fastpaths -xml cm0_wrapper.twx cm0_wrapper.ncd -o cm0_wrapper.twr
cm0_wrapper.pcf

Design file:              cm0_wrapper.ncd
Physical constraint file: cm0_wrapper.pcf
Device,package,speed:     xc6slx100,fgg676,C,-3 (PRODUCTION 1.21 2012-04-23)
Report level:             verbose report

Environment Variable      Effect 
--------------------      ------ 
NONE                      No environment variables were set
--------------------------------------------------------------------------------

INFO:Timing:2698 - No timing constraints found, doing default enumeration.
INFO:Timing:3412 - To improve timing, see the Timing Closure User Guide (UG612).
INFO:Timing:2752 - To get complete path coverage, use the unconstrained paths 
   option. All paths that are not constrained will be reported in the 
   unconstrained paths section(s) of the report.
INFO:Timing:3339 - The clock-to-out numbers in this timing report are based on 
   a 50 Ohm transmission line loading model.  For the details of this model, 
   and for more information on accounting for different loading conditions, 
   please see the device datasheet.



Data Sheet report:
-----------------
All values displayed in nanoseconds (ns)

Setup/Hold to clock clkm
----------------+------------+------------+------------+------------+------------------+--------+
                |Max Setup to|  Process   |Max Hold to |  Process   |                  | Clock  |
Source          | clk (edge) |   Corner   | clk (edge) |   Corner   |Internal Clock(s) | Phase  |
----------------+------------+------------+------------+------------+------------------+--------+
ahbmi_hgrant<0> |    4.649(R)|      SLOW  |   -2.808(R)|      FAST  |clkm_BUFGP        |   0.000|
ahbmi_hrdata<0> |    9.730(R)|      SLOW  |   -1.270(R)|      FAST  |clkm_BUFGP        |   0.000|
                |   10.255(F)|      SLOW  |   -6.176(F)|      FAST  |clkm_BUFGP        |   0.000|
ahbmi_hrdata<1> |    9.949(R)|      SLOW  |   -1.165(R)|      FAST  |clkm_BUFGP        |   0.000|
                |   10.090(F)|      SLOW  |   -6.037(F)|      FAST  |clkm_BUFGP        |   0.000|
ahbmi_hrdata<2> |   10.023(R)|      SLOW  |   -0.932(R)|      FAST  |clkm_BUFGP        |   0.000|
                |    9.985(F)|      SLOW  |   -5.975(F)|      FAST  |clkm_BUFGP        |   0.000|
ahbmi_hrdata<3> |    9.495(R)|      SLOW  |   -0.843(R)|      SLOW  |clkm_BUFGP        |   0.000|
                |   10.024(F)|      SLOW  |   -5.942(F)|      FAST  |clkm_BUFGP        |   0.000|
ahbmi_hrdata<4> |    8.166(R)|      SLOW  |   -0.624(R)|      SLOW  |clkm_BUFGP        |   0.000|
                |    9.641(F)|      SLOW  |   -5.742(F)|      FAST  |clkm_BUFGP        |   0.000|
ahbmi_hrdata<5> |   10.483(R)|      SLOW  |   -0.784(R)|      SLOW  |clkm_BUFGP        |   0.000|
                |    9.525(F)|      SLOW  |   -5.677(F)|      FAST  |clkm_BUFGP        |   0.000|
ahbmi_hrdata<6> |   10.638(R)|      SLOW  |   -1.473(R)|      FAST  |clkm_BUFGP        |   0.000|
                |    9.208(F)|      SLOW  |   -5.487(F)|      FAST  |clkm_BUFGP        |   0.000|
ahbmi_hrdata<7> |   10.269(R)|      SLOW  |   -0.806(R)|      SLOW  |clkm_BUFGP        |   0.000|
                |    9.279(F)|      SLOW  |   -5.527(F)|      FAST  |clkm_BUFGP        |   0.000|
ahbmi_hrdata<8> |    8.898(R)|      SLOW  |   -0.302(R)|      SLOW  |clkm_BUFGP        |   0.000|
                |    9.344(F)|      SLOW  |   -5.559(F)|      FAST  |clkm_BUFGP        |   0.000|
ahbmi_hrdata<9> |    9.475(R)|      SLOW  |   -0.866(R)|      SLOW  |clkm_BUFGP        |   0.000|
                |    9.014(F)|      SLOW  |   -5.302(F)|      FAST  |clkm_BUFGP        |   0.000|
ahbmi_hrdata<10>|   10.504(R)|      SLOW  |   -0.065(R)|      SLOW  |clkm_BUFGP        |   0.000|
                |    9.607(F)|      SLOW  |   -5.720(F)|      FAST  |clkm_BUFGP        |   0.000|
ahbmi_hrdata<11>|    9.466(R)|      SLOW  |   -0.449(R)|      SLOW  |clkm_BUFGP        |   0.000|
                |    9.459(F)|      SLOW  |   -5.646(F)|      FAST  |clkm_BUFGP        |   0.000|
ahbmi_hrdata<12>|   10.545(R)|      SLOW  |   -0.238(R)|      SLOW  |clkm_BUFGP        |   0.000|
                |    9.171(F)|      SLOW  |   -5.422(F)|      FAST  |clkm_BUFGP        |   0.000|
ahbmi_hrdata<13>|   10.050(R)|      SLOW  |   -1.133(R)|      FAST  |clkm_BUFGP        |   0.000|
                |    9.036(F)|      SLOW  |   -5.346(F)|      FAST  |clkm_BUFGP        |   0.000|
ahbmi_hrdata<14>|   10.363(R)|      SLOW  |    0.333(R)|      SLOW  |clkm_BUFGP        |   0.000|
                |    8.553(F)|      SLOW  |   -5.027(F)|      FAST  |clkm_BUFGP        |   0.000|
ahbmi_hrdata<15>|   11.320(R)|      SLOW  |    0.040(R)|      SLOW  |clkm_BUFGP        |   0.000|
                |    9.167(F)|      SLOW  |   -5.470(F)|      FAST  |clkm_BUFGP        |   0.000|
ahbmi_hrdata<16>|    9.619(R)|      SLOW  |   -0.345(R)|      SLOW  |clkm_BUFGP        |   0.000|
                |    9.462(F)|      SLOW  |   -5.586(F)|      FAST  |clkm_BUFGP        |   0.000|
ahbmi_hrdata<17>|    9.592(R)|      SLOW  |   -0.837(R)|      FAST  |clkm_BUFGP        |   0.000|
                |    9.992(F)|      SLOW  |   -5.967(F)|      FAST  |clkm_BUFGP        |   0.000|
ahbmi_hrdata<18>|   10.407(R)|      SLOW  |   -0.489(R)|      SLOW  |clkm_BUFGP        |   0.000|
                |    9.081(F)|      SLOW  |   -5.362(F)|      FAST  |clkm_BUFGP        |   0.000|
ahbmi_hrdata<19>|    9.504(R)|      SLOW  |    0.000(R)|      SLOW  |clkm_BUFGP        |   0.000|
                |    9.121(F)|      SLOW  |   -5.372(F)|      FAST  |clkm_BUFGP        |   0.000|
ahbmi_hrdata<20>|   10.799(R)|      SLOW  |   -0.121(R)|      SLOW  |clkm_BUFGP        |   0.000|
                |    8.710(F)|      SLOW  |   -5.129(F)|      FAST  |clkm_BUFGP        |   0.000|
ahbmi_hrdata<21>|    8.499(R)|      SLOW  |   -0.095(R)|      SLOW  |clkm_BUFGP        |   0.000|
                |    9.200(F)|      SLOW  |   -5.479(F)|      FAST  |clkm_BUFGP        |   0.000|
ahbmi_hrdata<22>|    9.165(R)|      SLOW  |   -0.117(R)|      SLOW  |clkm_BUFGP        |   0.000|
                |    9.526(F)|      SLOW  |   -5.618(F)|      FAST  |clkm_BUFGP        |   0.000|
ahbmi_hrdata<23>|    8.823(R)|      SLOW  |   -1.221(R)|      FAST  |clkm_BUFGP        |   0.000|
                |    9.394(F)|      SLOW  |   -5.553(F)|      FAST  |clkm_BUFGP        |   0.000|
ahbmi_hrdata<24>|   10.357(R)|      SLOW  |   -0.415(R)|      SLOW  |clkm_BUFGP        |   0.000|
                |    9.551(F)|      SLOW  |   -5.667(F)|      FAST  |clkm_BUFGP        |   0.000|
ahbmi_hrdata<25>|    9.209(R)|      SLOW  |   -1.093(R)|      FAST  |clkm_BUFGP        |   0.000|
                |    9.610(F)|      SLOW  |   -5.751(F)|      FAST  |clkm_BUFGP        |   0.000|
ahbmi_hrdata<26>|   12.181(R)|      SLOW  |   -0.384(R)|      SLOW  |clkm_BUFGP        |   0.000|
                |    9.950(F)|      SLOW  |   -5.889(F)|      FAST  |clkm_BUFGP        |   0.000|
ahbmi_hrdata<27>|   10.787(R)|      SLOW  |    0.009(R)|      SLOW  |clkm_BUFGP        |   0.000|
                |    9.592(F)|      SLOW  |   -5.757(F)|      FAST  |clkm_BUFGP        |   0.000|
ahbmi_hrdata<28>|    9.339(R)|      SLOW  |   -0.881(R)|      SLOW  |clkm_BUFGP        |   0.000|
                |    9.531(F)|      SLOW  |   -5.666(F)|      FAST  |clkm_BUFGP        |   0.000|
ahbmi_hrdata<29>|    8.677(R)|      SLOW  |   -0.575(R)|      SLOW  |clkm_BUFGP        |   0.000|
                |    9.524(F)|      SLOW  |   -5.739(F)|      FAST  |clkm_BUFGP        |   0.000|
ahbmi_hrdata<30>|   11.139(R)|      SLOW  |   -1.153(R)|      FAST  |clkm_BUFGP        |   0.000|
                |    9.582(F)|      SLOW  |   -5.750(F)|      FAST  |clkm_BUFGP        |   0.000|
ahbmi_hrdata<31>|    9.337(R)|      SLOW  |   -0.734(R)|      SLOW  |clkm_BUFGP        |   0.000|
                |    9.642(F)|      SLOW  |   -5.788(F)|      FAST  |clkm_BUFGP        |   0.000|
ahbmi_hready    |    6.529(R)|      SLOW  |   -2.920(R)|      FAST  |clkm_BUFGP        |   0.000|
ahbmi_hresp<1>  |    5.402(R)|      SLOW  |   -2.637(R)|      FAST  |clkm_BUFGP        |   0.000|
rstn            |   10.490(R)|      SLOW  |   -0.977(R)|      FAST  |clkm_BUFGP        |   0.000|
----------------+------------+------------+------------+------------+------------------+--------+

Clock clkm to Pad
----------------+-----------------+------------+-----------------+------------+------------------+--------+
                |Max (slowest) clk|  Process   |Min (fastest) clk|  Process   |                  | Clock  |
Destination     |  (edge) to PAD  |   Corner   |  (edge) to PAD  |   Corner   |Internal Clock(s) | Phase  |
----------------+-----------------+------------+-----------------+------------+------------------+--------+
ahbmo_haddr<0>  |        25.044(R)|      SLOW  |         9.600(R)|      FAST  |clkm_BUFGP        |   0.000|
ahbmo_haddr<1>  |        25.230(R)|      SLOW  |         9.390(R)|      FAST  |clkm_BUFGP        |   0.000|
ahbmo_haddr<2>  |        20.549(R)|      SLOW  |         7.226(R)|      FAST  |clkm_BUFGP        |   0.000|
ahbmo_haddr<3>  |        20.252(R)|      SLOW  |         7.339(R)|      FAST  |clkm_BUFGP        |   0.000|
ahbmo_haddr<4>  |        19.857(R)|      SLOW  |         7.168(R)|      FAST  |clkm_BUFGP        |   0.000|
ahbmo_haddr<5>  |        19.752(R)|      SLOW  |         6.728(R)|      FAST  |clkm_BUFGP        |   0.000|
ahbmo_haddr<6>  |        20.321(R)|      SLOW  |         6.891(R)|      FAST  |clkm_BUFGP        |   0.000|
ahbmo_haddr<7>  |        19.969(R)|      SLOW  |         7.043(R)|      FAST  |clkm_BUFGP        |   0.000|
ahbmo_haddr<8>  |        20.506(R)|      SLOW  |         7.482(R)|      FAST  |clkm_BUFGP        |   0.000|
ahbmo_haddr<9>  |        20.042(R)|      SLOW  |         7.058(R)|      FAST  |clkm_BUFGP        |   0.000|
ahbmo_haddr<10> |        20.198(R)|      SLOW  |         7.074(R)|      FAST  |clkm_BUFGP        |   0.000|
ahbmo_haddr<11> |        19.837(R)|      SLOW  |         6.866(R)|      FAST  |clkm_BUFGP        |   0.000|
ahbmo_haddr<12> |        21.057(R)|      SLOW  |         6.738(R)|      FAST  |clkm_BUFGP        |   0.000|
ahbmo_haddr<13> |        20.980(R)|      SLOW  |         7.250(R)|      FAST  |clkm_BUFGP        |   0.000|
ahbmo_haddr<14> |        19.826(R)|      SLOW  |         6.783(R)|      FAST  |clkm_BUFGP        |   0.000|
ahbmo_haddr<15> |        20.294(R)|      SLOW  |         6.458(R)|      FAST  |clkm_BUFGP        |   0.000|
ahbmo_haddr<16> |        19.996(R)|      SLOW  |         6.871(R)|      FAST  |clkm_BUFGP        |   0.000|
ahbmo_haddr<17> |        19.910(R)|      SLOW  |         6.836(R)|      FAST  |clkm_BUFGP        |   0.000|
ahbmo_haddr<18> |        20.209(R)|      SLOW  |         6.911(R)|      FAST  |clkm_BUFGP        |   0.000|
ahbmo_haddr<19> |        20.167(R)|      SLOW  |         6.801(R)|      FAST  |clkm_BUFGP        |   0.000|
ahbmo_haddr<20> |        20.171(R)|      SLOW  |         6.955(R)|      FAST  |clkm_BUFGP        |   0.000|
ahbmo_haddr<21> |        19.755(R)|      SLOW  |         6.450(R)|      FAST  |clkm_BUFGP        |   0.000|
ahbmo_haddr<22> |        20.286(R)|      SLOW  |         6.961(R)|      FAST  |clkm_BUFGP        |   0.000|
ahbmo_haddr<23> |        20.666(R)|      SLOW  |         7.098(R)|      FAST  |clkm_BUFGP        |   0.000|
ahbmo_haddr<24> |        20.284(R)|      SLOW  |         6.931(R)|      FAST  |clkm_BUFGP        |   0.000|
ahbmo_haddr<25> |        20.324(R)|      SLOW  |         6.849(R)|      FAST  |clkm_BUFGP        |   0.000|
ahbmo_haddr<26> |        20.561(R)|      SLOW  |         6.780(R)|      FAST  |clkm_BUFGP        |   0.000|
ahbmo_haddr<27> |        20.256(R)|      SLOW  |         6.770(R)|      FAST  |clkm_BUFGP        |   0.000|
ahbmo_haddr<28> |        20.452(R)|      SLOW  |         6.827(R)|      FAST  |clkm_BUFGP        |   0.000|
ahbmo_haddr<29> |        21.175(R)|      SLOW  |         6.886(R)|      FAST  |clkm_BUFGP        |   0.000|
ahbmo_haddr<30> |        20.858(R)|      SLOW  |         6.795(R)|      FAST  |clkm_BUFGP        |   0.000|
ahbmo_haddr<31> |        20.701(R)|      SLOW  |         6.895(R)|      FAST  |clkm_BUFGP        |   0.000|
ahbmo_hbusreq   |        25.925(R)|      SLOW  |         6.612(R)|      FAST  |clkm_BUFGP        |   0.000|
ahbmo_hsize<0>  |        24.394(R)|      SLOW  |        10.014(R)|      FAST  |clkm_BUFGP        |   0.000|
ahbmo_hsize<1>  |        23.509(R)|      SLOW  |         9.394(R)|      FAST  |clkm_BUFGP        |   0.000|
ahbmo_htrans<1> |        28.237(R)|      SLOW  |         6.992(R)|      FAST  |clkm_BUFGP        |   0.000|
ahbmo_hwdata<0> |        15.953(R)|      SLOW  |         5.881(R)|      FAST  |clkm_BUFGP        |   0.000|
ahbmo_hwdata<1> |        16.934(R)|      SLOW  |         7.054(R)|      FAST  |clkm_BUFGP        |   0.000|
ahbmo_hwdata<2> |        16.336(R)|      SLOW  |         6.401(R)|      FAST  |clkm_BUFGP        |   0.000|
ahbmo_hwdata<3> |        17.651(R)|      SLOW  |         6.473(R)|      FAST  |clkm_BUFGP        |   0.000|
ahbmo_hwdata<4> |        15.909(R)|      SLOW  |         6.041(R)|      FAST  |clkm_BUFGP        |   0.000|
ahbmo_hwdata<5> |        16.446(R)|      SLOW  |         6.793(R)|      FAST  |clkm_BUFGP        |   0.000|
ahbmo_hwdata<6> |        16.007(R)|      SLOW  |         6.516(R)|      FAST  |clkm_BUFGP        |   0.000|
ahbmo_hwdata<7> |        17.046(R)|      SLOW  |         7.401(R)|      FAST  |clkm_BUFGP        |   0.000|
ahbmo_hwdata<8> |        19.604(R)|      SLOW  |         7.726(R)|      FAST  |clkm_BUFGP        |   0.000|
ahbmo_hwdata<9> |        19.479(R)|      SLOW  |         7.727(R)|      FAST  |clkm_BUFGP        |   0.000|
ahbmo_hwdata<10>|        17.266(R)|      SLOW  |         6.709(R)|      FAST  |clkm_BUFGP        |   0.000|
ahbmo_hwdata<11>|        18.941(R)|      SLOW  |         7.962(R)|      FAST  |clkm_BUFGP        |   0.000|
ahbmo_hwdata<12>|        17.275(R)|      SLOW  |         6.725(R)|      FAST  |clkm_BUFGP        |   0.000|
ahbmo_hwdata<13>|        17.301(R)|      SLOW  |         7.287(R)|      FAST  |clkm_BUFGP        |   0.000|
ahbmo_hwdata<14>|        17.942(R)|      SLOW  |         7.769(R)|      FAST  |clkm_BUFGP        |   0.000|
ahbmo_hwdata<15>|        17.721(R)|      SLOW  |         7.433(R)|      FAST  |clkm_BUFGP        |   0.000|
ahbmo_hwdata<16>|        18.004(R)|      SLOW  |         6.879(R)|      FAST  |clkm_BUFGP        |   0.000|
ahbmo_hwdata<17>|        17.220(R)|      SLOW  |         6.320(R)|      FAST  |clkm_BUFGP        |   0.000|
ahbmo_hwdata<18>|        17.492(R)|      SLOW  |         6.792(R)|      FAST  |clkm_BUFGP        |   0.000|
ahbmo_hwdata<19>|        18.461(R)|      SLOW  |         6.953(R)|      FAST  |clkm_BUFGP        |   0.000|
ahbmo_hwdata<20>|        18.715(R)|      SLOW  |         6.700(R)|      FAST  |clkm_BUFGP        |   0.000|
ahbmo_hwdata<21>|        19.247(R)|      SLOW  |         7.322(R)|      FAST  |clkm_BUFGP        |   0.000|
ahbmo_hwdata<22>|        19.126(R)|      SLOW  |         8.101(R)|      FAST  |clkm_BUFGP        |   0.000|
ahbmo_hwdata<23>|        18.669(R)|      SLOW  |         7.788(R)|      FAST  |clkm_BUFGP        |   0.000|
ahbmo_hwdata<24>|        18.629(R)|      SLOW  |         6.949(R)|      FAST  |clkm_BUFGP        |   0.000|
ahbmo_hwdata<25>|        18.807(R)|      SLOW  |         7.002(R)|      FAST  |clkm_BUFGP        |   0.000|
ahbmo_hwdata<26>|        18.240(R)|      SLOW  |         6.735(R)|      FAST  |clkm_BUFGP        |   0.000|
ahbmo_hwdata<27>|        19.083(R)|      SLOW  |         6.835(R)|      FAST  |clkm_BUFGP        |   0.000|
ahbmo_hwdata<28>|        18.917(R)|      SLOW  |         6.922(R)|      FAST  |clkm_BUFGP        |   0.000|
ahbmo_hwdata<29>|        19.264(R)|      SLOW  |         7.736(R)|      FAST  |clkm_BUFGP        |   0.000|
ahbmo_hwdata<30>|        19.109(R)|      SLOW  |         7.779(R)|      FAST  |clkm_BUFGP        |   0.000|
ahbmo_hwdata<31>|        20.102(R)|      SLOW  |         7.358(R)|      FAST  |clkm_BUFGP        |   0.000|
ahbmo_hwrite    |        18.742(R)|      SLOW  |         8.100(R)|      FAST  |clkm_BUFGP        |   0.000|
cm0_led         |         6.803(F)|      SLOW  |         3.279(F)|      FAST  |clkm_BUFGP        |   0.000|
----------------+-----------------+------------+-----------------+------------+------------------+--------+

Clock to Setup on destination clock clkm
---------------+---------+---------+---------+---------+
               | Src:Rise| Src:Fall| Src:Rise| Src:Fall|
Source Clock   |Dest:Rise|Dest:Rise|Dest:Fall|Dest:Fall|
---------------+---------+---------+---------+---------+
clkm           |   15.801|         |         |         |
---------------+---------+---------+---------+---------+


Analysis completed Tue Oct 25 00:49:26 2022 
--------------------------------------------------------------------------------

Trace Settings:
-------------------------
Trace Settings 

Peak Memory Usage: 4766 MB



