--------------------------------------------------------------------------------
Release 14.1 Trace  (nt64)
Copyright (c) 1995-2012 Xilinx, Inc.  All rights reserved.

C:\Xilinx\14.1\ISE_DS\ISE\bin\nt64\unwrapped\trce.exe -intstyle ise -v 3 -s 3
-n 3 -fastpaths -xml cm0_wrapper.twx cm0_wrapper.ncd -o cm0_wrapper.twr
cm0_wrapper.pcf

Design file:              cm0_wrapper.ncd
Physical constraint file: cm0_wrapper.pcf
Device,package,speed:     xc6slx100,fgg676,C,-3 (PRODUCTION 1.21 2012-04-23)
Report level:             verbose report

Environment Variable      Effect 
--------------------      ------ 
NONE                      No environment variables were set
--------------------------------------------------------------------------------

INFO:Timing:2698 - No timing constraints found, doing default enumeration.
INFO:Timing:3412 - To improve timing, see the Timing Closure User Guide (UG612).
INFO:Timing:2752 - To get complete path coverage, use the unconstrained paths 
   option. All paths that are not constrained will be reported in the 
   unconstrained paths section(s) of the report.
INFO:Timing:3339 - The clock-to-out numbers in this timing report are based on 
   a 50 Ohm transmission line loading model.  For the details of this model, 
   and for more information on accounting for different loading conditions, 
   please see the device datasheet.



Data Sheet report:
-----------------
All values displayed in nanoseconds (ns)

Setup/Hold to clock clkm
----------------+------------+------------+------------+------------+------------------+--------+
                |Max Setup to|  Process   |Max Hold to |  Process   |                  | Clock  |
Source          | clk (edge) |   Corner   | clk (edge) |   Corner   |Internal Clock(s) | Phase  |
----------------+------------+------------+------------+------------+------------------+--------+
ahbmi_hgrant<0> |    5.463(R)|      SLOW  |   -3.261(R)|      FAST  |clkm_BUFGP        |   0.000|
ahbmi_hrdata<0> |   10.418(R)|      SLOW  |   -2.142(R)|      FAST  |clkm_BUFGP        |   0.000|
                |   10.270(F)|      SLOW  |   -6.052(F)|      FAST  |clkm_BUFGP        |   0.000|
ahbmi_hrdata<1> |   10.580(R)|      SLOW  |   -1.744(R)|      FAST  |clkm_BUFGP        |   0.000|
                |    9.737(F)|      SLOW  |   -5.739(F)|      FAST  |clkm_BUFGP        |   0.000|
ahbmi_hrdata<2> |   10.699(R)|      SLOW  |   -1.760(R)|      FAST  |clkm_BUFGP        |   0.000|
                |   10.157(F)|      SLOW  |   -6.064(F)|      FAST  |clkm_BUFGP        |   0.000|
ahbmi_hrdata<3> |   10.172(R)|      SLOW  |   -1.544(R)|      FAST  |clkm_BUFGP        |   0.000|
                |    9.813(F)|      SLOW  |   -5.771(F)|      FAST  |clkm_BUFGP        |   0.000|
ahbmi_hrdata<4> |    8.844(R)|      SLOW  |   -1.230(R)|      FAST  |clkm_BUFGP        |   0.000|
                |    9.408(F)|      SLOW  |   -5.543(F)|      FAST  |clkm_BUFGP        |   0.000|
ahbmi_hrdata<5> |   11.058(R)|      SLOW  |   -1.737(R)|      FAST  |clkm_BUFGP        |   0.000|
                |    9.897(F)|      SLOW  |   -5.865(F)|      FAST  |clkm_BUFGP        |   0.000|
ahbmi_hrdata<6> |   11.183(R)|      SLOW  |   -1.442(R)|      FAST  |clkm_BUFGP        |   0.000|
                |    9.068(F)|      SLOW  |   -5.362(F)|      FAST  |clkm_BUFGP        |   0.000|
ahbmi_hrdata<7> |   11.055(R)|      SLOW  |   -1.566(R)|      FAST  |clkm_BUFGP        |   0.000|
                |    8.991(F)|      SLOW  |   -5.328(F)|      FAST  |clkm_BUFGP        |   0.000|
ahbmi_hrdata<8> |   10.238(R)|      SLOW  |   -1.514(R)|      FAST  |clkm_BUFGP        |   0.000|
                |    9.319(F)|      SLOW  |   -5.512(F)|      FAST  |clkm_BUFGP        |   0.000|
ahbmi_hrdata<9> |    9.695(R)|      SLOW  |   -1.012(R)|      FAST  |clkm_BUFGP        |   0.000|
                |    8.689(F)|      SLOW  |   -5.072(F)|      FAST  |clkm_BUFGP        |   0.000|
ahbmi_hrdata<10>|   12.002(R)|      SLOW  |   -1.435(R)|      FAST  |clkm_BUFGP        |   0.000|
                |    9.660(F)|      SLOW  |   -5.741(F)|      FAST  |clkm_BUFGP        |   0.000|
ahbmi_hrdata<11>|   11.181(R)|      SLOW  |   -1.378(R)|      FAST  |clkm_BUFGP        |   0.000|
                |    9.509(F)|      SLOW  |   -5.613(F)|      FAST  |clkm_BUFGP        |   0.000|
ahbmi_hrdata<12>|   10.403(R)|      SLOW  |   -1.387(R)|      FAST  |clkm_BUFGP        |   0.000|
                |    9.000(F)|      SLOW  |   -5.306(F)|      FAST  |clkm_BUFGP        |   0.000|
ahbmi_hrdata<13>|   10.048(R)|      SLOW  |   -1.299(R)|      FAST  |clkm_BUFGP        |   0.000|
                |    9.503(F)|      SLOW  |   -5.627(F)|      FAST  |clkm_BUFGP        |   0.000|
ahbmi_hrdata<14>|   10.952(R)|      SLOW  |   -1.540(R)|      FAST  |clkm_BUFGP        |   0.000|
                |    9.739(F)|      SLOW  |   -5.744(F)|      FAST  |clkm_BUFGP        |   0.000|
ahbmi_hrdata<15>|   11.349(R)|      SLOW  |   -0.976(R)|      SLOW  |clkm_BUFGP        |   0.000|
                |    9.307(F)|      SLOW  |   -5.528(F)|      FAST  |clkm_BUFGP        |   0.000|
ahbmi_hrdata<16>|   10.372(R)|      SLOW  |   -1.552(R)|      FAST  |clkm_BUFGP        |   0.000|
                |    9.170(F)|      SLOW  |   -5.366(F)|      FAST  |clkm_BUFGP        |   0.000|
ahbmi_hrdata<17>|   10.181(R)|      SLOW  |   -1.083(R)|      SLOW  |clkm_BUFGP        |   0.000|
                |    8.729(F)|      SLOW  |   -5.178(F)|      FAST  |clkm_BUFGP        |   0.000|
ahbmi_hrdata<18>|    9.421(R)|      SLOW  |   -1.007(R)|      FAST  |clkm_BUFGP        |   0.000|
                |    8.258(F)|      SLOW  |   -4.796(F)|      FAST  |clkm_BUFGP        |   0.000|
ahbmi_hrdata<19>|    9.256(R)|      SLOW  |   -1.043(R)|      FAST  |clkm_BUFGP        |   0.000|
                |    8.580(F)|      SLOW  |   -4.992(F)|      FAST  |clkm_BUFGP        |   0.000|
ahbmi_hrdata<20>|    9.370(R)|      SLOW  |   -1.254(R)|      FAST  |clkm_BUFGP        |   0.000|
                |    8.276(F)|      SLOW  |   -4.848(F)|      FAST  |clkm_BUFGP        |   0.000|
ahbmi_hrdata<21>|    7.861(R)|      SLOW  |   -1.450(R)|      FAST  |clkm_BUFGP        |   0.000|
                |    8.543(F)|      SLOW  |   -5.101(F)|      FAST  |clkm_BUFGP        |   0.000|
ahbmi_hrdata<22>|    8.179(R)|      SLOW  |   -1.221(R)|      FAST  |clkm_BUFGP        |   0.000|
                |    8.457(F)|      SLOW  |   -4.992(F)|      FAST  |clkm_BUFGP        |   0.000|
ahbmi_hrdata<23>|    9.608(R)|      SLOW  |   -0.874(R)|      SLOW  |clkm_BUFGP        |   0.000|
                |    7.834(F)|      SLOW  |   -4.576(F)|      FAST  |clkm_BUFGP        |   0.000|
ahbmi_hrdata<24>|    9.307(R)|      SLOW  |   -0.866(R)|      SLOW  |clkm_BUFGP        |   0.000|
                |    7.758(F)|      SLOW  |   -4.507(F)|      FAST  |clkm_BUFGP        |   0.000|
ahbmi_hrdata<25>|    9.743(R)|      SLOW  |   -0.086(R)|      SLOW  |clkm_BUFGP        |   0.000|
                |    8.429(F)|      SLOW  |   -4.988(F)|      FAST  |clkm_BUFGP        |   0.000|
ahbmi_hrdata<26>|    9.080(R)|      SLOW  |   -0.649(R)|      SLOW  |clkm_BUFGP        |   0.000|
                |    7.698(F)|      SLOW  |   -4.482(F)|      FAST  |clkm_BUFGP        |   0.000|
ahbmi_hrdata<27>|    8.935(R)|      SLOW  |   -0.445(R)|      SLOW  |clkm_BUFGP        |   0.000|
                |    7.711(F)|      SLOW  |   -4.467(F)|      FAST  |clkm_BUFGP        |   0.000|
ahbmi_hrdata<28>|    8.134(R)|      SLOW  |   -0.195(R)|      SLOW  |clkm_BUFGP        |   0.000|
                |    7.601(F)|      SLOW  |   -4.426(F)|      FAST  |clkm_BUFGP        |   0.000|
ahbmi_hrdata<29>|    9.347(R)|      SLOW  |   -0.428(R)|      SLOW  |clkm_BUFGP        |   0.000|
                |    8.187(F)|      SLOW  |   -4.831(F)|      FAST  |clkm_BUFGP        |   0.000|
ahbmi_hrdata<30>|   10.490(R)|      SLOW  |   -0.034(R)|      SLOW  |clkm_BUFGP        |   0.000|
                |    7.850(F)|      SLOW  |   -4.612(F)|      FAST  |clkm_BUFGP        |   0.000|
ahbmi_hrdata<31>|   10.012(R)|      SLOW  |    0.284(R)|      SLOW  |clkm_BUFGP        |   0.000|
                |    7.885(F)|      SLOW  |   -4.608(F)|      FAST  |clkm_BUFGP        |   0.000|
ahbmi_hready    |   15.910(R)|      SLOW  |   -2.639(R)|      FAST  |clkm_BUFGP        |   0.000|
ahbmi_hresp<1>  |   16.841(R)|      SLOW  |   -2.104(R)|      FAST  |clkm_BUFGP        |   0.000|
rstn            |   11.463(R)|      SLOW  |   -1.523(R)|      FAST  |clkm_BUFGP        |   0.000|
----------------+------------+------------+------------+------------+------------------+--------+

Clock clkm to Pad
----------------+-----------------+------------+-----------------+------------+------------------+--------+
                |Max (slowest) clk|  Process   |Min (fastest) clk|  Process   |                  | Clock  |
Destination     |  (edge) to PAD  |   Corner   |  (edge) to PAD  |   Corner   |Internal Clock(s) | Phase  |
----------------+-----------------+------------+-----------------+------------+------------------+--------+
ahbmo_haddr<0>  |        21.961(R)|      SLOW  |         7.419(R)|      FAST  |clkm_BUFGP        |   0.000|
ahbmo_haddr<1>  |        22.300(R)|      SLOW  |         7.375(R)|      FAST  |clkm_BUFGP        |   0.000|
ahbmo_haddr<2>  |        19.574(R)|      SLOW  |         7.160(R)|      FAST  |clkm_BUFGP        |   0.000|
ahbmo_haddr<3>  |        19.638(R)|      SLOW  |         6.920(R)|      FAST  |clkm_BUFGP        |   0.000|
ahbmo_haddr<4>  |        20.449(R)|      SLOW  |         6.947(R)|      FAST  |clkm_BUFGP        |   0.000|
ahbmo_haddr<5>  |        19.707(R)|      SLOW  |         6.790(R)|      FAST  |clkm_BUFGP        |   0.000|
ahbmo_haddr<6>  |        19.914(R)|      SLOW  |         6.884(R)|      FAST  |clkm_BUFGP        |   0.000|
ahbmo_haddr<7>  |        19.553(R)|      SLOW  |         6.439(R)|      FAST  |clkm_BUFGP        |   0.000|
ahbmo_haddr<8>  |        19.335(R)|      SLOW  |         6.589(R)|      FAST  |clkm_BUFGP        |   0.000|
ahbmo_haddr<9>  |        19.418(R)|      SLOW  |         6.556(R)|      FAST  |clkm_BUFGP        |   0.000|
ahbmo_haddr<10> |        19.605(R)|      SLOW  |         6.766(R)|      FAST  |clkm_BUFGP        |   0.000|
ahbmo_haddr<11> |        19.512(R)|      SLOW  |         6.524(R)|      FAST  |clkm_BUFGP        |   0.000|
ahbmo_haddr<12> |        19.773(R)|      SLOW  |         6.704(R)|      FAST  |clkm_BUFGP        |   0.000|
ahbmo_haddr<13> |        19.511(R)|      SLOW  |         6.497(R)|      FAST  |clkm_BUFGP        |   0.000|
ahbmo_haddr<14> |        19.721(R)|      SLOW  |         6.671(R)|      FAST  |clkm_BUFGP        |   0.000|
ahbmo_haddr<15> |        19.538(R)|      SLOW  |         6.477(R)|      FAST  |clkm_BUFGP        |   0.000|
ahbmo_haddr<16> |        19.434(R)|      SLOW  |         6.511(R)|      FAST  |clkm_BUFGP        |   0.000|
ahbmo_haddr<17> |        19.963(R)|      SLOW  |         6.593(R)|      FAST  |clkm_BUFGP        |   0.000|
ahbmo_haddr<18> |        20.493(R)|      SLOW  |         7.297(R)|      FAST  |clkm_BUFGP        |   0.000|
ahbmo_haddr<19> |        19.715(R)|      SLOW  |         6.478(R)|      FAST  |clkm_BUFGP        |   0.000|
ahbmo_haddr<20> |        20.434(R)|      SLOW  |         7.133(R)|      FAST  |clkm_BUFGP        |   0.000|
ahbmo_haddr<21> |        20.631(R)|      SLOW  |         7.002(R)|      FAST  |clkm_BUFGP        |   0.000|
ahbmo_haddr<22> |        20.068(R)|      SLOW  |         6.781(R)|      FAST  |clkm_BUFGP        |   0.000|
ahbmo_haddr<23> |        20.128(R)|      SLOW  |         6.873(R)|      FAST  |clkm_BUFGP        |   0.000|
ahbmo_haddr<24> |        20.594(R)|      SLOW  |         6.796(R)|      FAST  |clkm_BUFGP        |   0.000|
ahbmo_haddr<25> |        20.502(R)|      SLOW  |         6.751(R)|      FAST  |clkm_BUFGP        |   0.000|
ahbmo_haddr<26> |        20.738(R)|      SLOW  |         7.251(R)|      FAST  |clkm_BUFGP        |   0.000|
ahbmo_haddr<27> |        20.615(R)|      SLOW  |         7.050(R)|      FAST  |clkm_BUFGP        |   0.000|
ahbmo_haddr<28> |        21.010(R)|      SLOW  |         7.055(R)|      FAST  |clkm_BUFGP        |   0.000|
ahbmo_haddr<29> |        21.153(R)|      SLOW  |         7.115(R)|      FAST  |clkm_BUFGP        |   0.000|
ahbmo_haddr<30> |        20.585(R)|      SLOW  |         7.137(R)|      FAST  |clkm_BUFGP        |   0.000|
ahbmo_haddr<31> |        21.181(R)|      SLOW  |         7.011(R)|      FAST  |clkm_BUFGP        |   0.000|
ahbmo_hbusreq   |        25.889(R)|      SLOW  |         7.891(R)|      FAST  |clkm_BUFGP        |   0.000|
ahbmo_hsize<0>  |        24.514(R)|      SLOW  |         8.853(R)|      FAST  |clkm_BUFGP        |   0.000|
ahbmo_hsize<1>  |        23.625(R)|      SLOW  |         8.241(R)|      FAST  |clkm_BUFGP        |   0.000|
ahbmo_htrans<1> |        26.117(R)|      SLOW  |         8.023(R)|      FAST  |clkm_BUFGP        |   0.000|
ahbmo_hwdata<0> |        16.714(R)|      SLOW  |         7.931(R)|      FAST  |clkm_BUFGP        |   0.000|
ahbmo_hwdata<1> |        15.925(R)|      SLOW  |         7.335(R)|      FAST  |clkm_BUFGP        |   0.000|
ahbmo_hwdata<2> |        17.006(R)|      SLOW  |         7.750(R)|      FAST  |clkm_BUFGP        |   0.000|
ahbmo_hwdata<3> |        17.287(R)|      SLOW  |         7.751(R)|      FAST  |clkm_BUFGP        |   0.000|
ahbmo_hwdata<4> |        17.151(R)|      SLOW  |         8.118(R)|      FAST  |clkm_BUFGP        |   0.000|
ahbmo_hwdata<5> |        16.539(R)|      SLOW  |         7.309(R)|      FAST  |clkm_BUFGP        |   0.000|
ahbmo_hwdata<6> |        16.754(R)|      SLOW  |         8.608(R)|      FAST  |clkm_BUFGP        |   0.000|
ahbmo_hwdata<7> |        18.311(R)|      SLOW  |         7.602(R)|      FAST  |clkm_BUFGP        |   0.000|
ahbmo_hwdata<8> |        17.768(R)|      SLOW  |         7.532(R)|      FAST  |clkm_BUFGP        |   0.000|
ahbmo_hwdata<9> |        18.340(R)|      SLOW  |         7.945(R)|      FAST  |clkm_BUFGP        |   0.000|
ahbmo_hwdata<10>|        18.415(R)|      SLOW  |         8.088(R)|      FAST  |clkm_BUFGP        |   0.000|
ahbmo_hwdata<11>|        18.223(R)|      SLOW  |         7.881(R)|      FAST  |clkm_BUFGP        |   0.000|
ahbmo_hwdata<12>|        18.978(R)|      SLOW  |         8.377(R)|      FAST  |clkm_BUFGP        |   0.000|
ahbmo_hwdata<13>|        17.609(R)|      SLOW  |         8.110(R)|      FAST  |clkm_BUFGP        |   0.000|
ahbmo_hwdata<14>|        18.927(R)|      SLOW  |         8.275(R)|      FAST  |clkm_BUFGP        |   0.000|
ahbmo_hwdata<15>|        19.217(R)|      SLOW  |         8.474(R)|      FAST  |clkm_BUFGP        |   0.000|
ahbmo_hwdata<16>|        18.132(R)|      SLOW  |         8.343(R)|      FAST  |clkm_BUFGP        |   0.000|
ahbmo_hwdata<17>|        17.966(R)|      SLOW  |         8.128(R)|      FAST  |clkm_BUFGP        |   0.000|
ahbmo_hwdata<18>|        18.630(R)|      SLOW  |         8.170(R)|      FAST  |clkm_BUFGP        |   0.000|
ahbmo_hwdata<19>|        19.119(R)|      SLOW  |         8.530(R)|      FAST  |clkm_BUFGP        |   0.000|
ahbmo_hwdata<20>|        18.865(R)|      SLOW  |         8.521(R)|      FAST  |clkm_BUFGP        |   0.000|
ahbmo_hwdata<21>|        19.319(R)|      SLOW  |         8.126(R)|      FAST  |clkm_BUFGP        |   0.000|
ahbmo_hwdata<22>|        18.179(R)|      SLOW  |         8.514(R)|      FAST  |clkm_BUFGP        |   0.000|
ahbmo_hwdata<23>|        20.127(R)|      SLOW  |         8.900(R)|      FAST  |clkm_BUFGP        |   0.000|
ahbmo_hwdata<24>|        19.557(R)|      SLOW  |         8.525(R)|      FAST  |clkm_BUFGP        |   0.000|
ahbmo_hwdata<25>|        19.557(R)|      SLOW  |         8.136(R)|      FAST  |clkm_BUFGP        |   0.000|
ahbmo_hwdata<26>|        19.127(R)|      SLOW  |         8.348(R)|      FAST  |clkm_BUFGP        |   0.000|
ahbmo_hwdata<27>|        19.012(R)|      SLOW  |         8.186(R)|      FAST  |clkm_BUFGP        |   0.000|
ahbmo_hwdata<28>|        19.795(R)|      SLOW  |         8.534(R)|      FAST  |clkm_BUFGP        |   0.000|
ahbmo_hwdata<29>|        19.412(R)|      SLOW  |         8.787(R)|      FAST  |clkm_BUFGP        |   0.000|
ahbmo_hwdata<30>|        20.453(R)|      SLOW  |         8.930(R)|      FAST  |clkm_BUFGP        |   0.000|
ahbmo_hwdata<31>|        19.890(R)|      SLOW  |         8.682(R)|      FAST  |clkm_BUFGP        |   0.000|
ahbmo_hwrite    |        16.950(R)|      SLOW  |         7.647(R)|      FAST  |clkm_BUFGP        |   0.000|
cm0_led         |         6.796(F)|      SLOW  |         3.272(F)|      FAST  |clkm_BUFGP        |   0.000|
----------------+-----------------+------------+-----------------+------------+------------------+--------+

Clock to Setup on destination clock clkm
---------------+---------+---------+---------+---------+
               | Src:Rise| Src:Fall| Src:Rise| Src:Fall|
Source Clock   |Dest:Rise|Dest:Rise|Dest:Fall|Dest:Fall|
---------------+---------+---------+---------+---------+
clkm           |   14.919|         |         |         |
---------------+---------+---------+---------+---------+


Analysis completed Tue Oct 25 01:23:21 2022 
--------------------------------------------------------------------------------

Trace Settings:
-------------------------
Trace Settings 

Peak Memory Usage: 4766 MB



